src/App.tsx(1,8): error TS6133: 'React' is declared but its value is never read.
src/App.tsx(3,1): error TS6133: 'useRoutine' is declared but its value is never read.
src/App.tsx(14,11): error TS2339: Property 'requestPermission' does not exist on type 'void'.
src/components/AddRoutineModal.tsx(13,7): error TS6133: 'DAYS' is declared but its value is never read.
src/components/ManageView.tsx(1,1): error TS6133: 'React' is declared but its value is never read.
src/components/RoutineCard.tsx(2,10): error TS2724: '"../context/RoutineContext"' has no exported member named 'useRoutines'. Did you mean 'useRoutine'?
src/components/RoutineList.tsx(1,10): error TS2724: '"../context/RoutineContext"' has no exported member named 'useRoutines'. Did you mean 'useRoutine'?
src/components/RoutineList.tsx(12,42): error TS7006: Parameter 'r' implicitly has an 'any' type.
src/components/RoutineList.tsx(12,96): error TS7006: Parameter 'a' implicitly has an 'any' type.
src/components/RoutineList.tsx(12,98): error TS7006: Parameter 'b' implicitly has an 'any' type.
src/components/RoutineList.tsx(25,27): error TS7006: Parameter 'routine' implicitly has an 'any' type.
src/components/RoutineList.tsx(27,31): error TS7006: Parameter 'l' implicitly has an 'any' type.
src/components/StatsView.tsx(1,8): error TS6133: 'React' is declared but its value is never read.
src/components/TodayView.tsx(1,1): error TS6133: 'React' is declared but its value is never read.
src/components/TodayView.tsx(5,16): error TS6133: 'Play' is declared but its value is never read.
src/components/TodayView.tsx(82,111): error TS2345: Argument of type '"done" | "todo"' is not assignable to parameter of type '"done" | "skip"'.
  Type '"todo"' is not assignable to type '"done" | "skip"'.
src/context/RoutineContext.tsx(1,65): error TS1484: 'ReactNode' is a type and must be imported using a type-only import when 'verbatimModuleSyntax' is enabled.
src/hooks/useNotifications.ts(2,10): error TS2724: '"../context/RoutineContext"' has no exported member named 'useRoutines'. Did you mean 'useRoutine'?
src/hooks/useNotifications.ts(27,24): error TS7006: Parameter 'routine' implicitly has an 'any' type.
